ASxxxx Linker V03.00 + NoICE + sdld,  page 1.
Hexadecimal  [32-Bits]

Area                                    Addr        Size        Decimal Bytes (Attributes)
--------------------------------        ----        ----        ------- ----- ------------
CABS                                00000000    00000000 =           0. bytes (ABS,CON)

      Value  Global                              Global Defined In Module
      -----  --------------------------------   ------------------------
     00000000  l_BIT_BANK                      
     00000000  l_BSEG                          
     00000000  l_BSEG_BYTES                    
     00000000  l_CABS                          
     00000000  l_DABS                          
     00000000  l_ISEG                          
     00000000  l_OSEG                          
     00000000  l_REG_BANK_0                    
     00000000  l_REG_BANK_1                    
     00000000  l_REG_BANK_2                    
     00000000  l_REG_BANK_3                    
     00000000  l__CODE                         
     00000000  s_BSEG                          
     00000000  s_CABS                          
     00000000  s_DABS                          
     00000000  s_DSEG                          
     00000000  s_REG_BANK_0                    
     00000000  s_SSEG                          
     00000001  s_DATA                          
     00000003  l_GSFINAL                       
     00000008  s_REG_BANK_1                    
     0000000F  l_DATA                          
     00000010  s_INITIALIZED                   
     00000010  s_REG_BANK_2                    
     00000018  s_BIT_BANK                      
     00000018  s_ISEG                          
     00000018  s_OSEG                          
     00000018  s_REG_BANK_3                    
     0000001A  l_GSINIT                        
     00000020  s_BSEG_BYTES                    
     00000020  s__CODE                         
     0000005E  l_INITIALIZED                   
     0000005E  l_INITIALIZER                   
     00000080  l_DSEG                          
     00000083  l_HOME                          
     00000100  l_IRAM                          
     00000100  l_SSEG                          
     000009A1  l_CODE                          
     00008000  s_HOME                          
     00008083  s_GSINIT                        
     0000809D  s_GSFINAL                       
     000080A0  s_CODE                          
     00008A41  s_INITIALIZER                   

ASxxxx Linker V03.00 + NoICE + sdld,  page 2.
Hexadecimal  [32-Bits]

Area                                    Addr        Size        Decimal Bytes (Attributes)
--------------------------------        ----        ----        ------- ----- ------------
.  .ABS.                            00000000    00000000 =           0. bytes (ABS,CON)

      Value  Global                              Global Defined In Module
      -----  --------------------------------   ------------------------
     00000000  .__.ABS.                           _memset

ASxxxx Linker V03.00 + NoICE + sdld,  page 3.
Hexadecimal  [32-Bits]

Area                                    Addr        Size        Decimal Bytes (Attributes)
--------------------------------        ----        ----        ------- ----- ------------
DSEG                                00000000    00000080 =         128. bytes (REL,CON)

      Value  Global                              Global Defined In Module
      -----  --------------------------------   ------------------------
ASxxxx Linker V03.00 + NoICE + sdld,  page 4.
Hexadecimal  [32-Bits]

Area                                    Addr        Size        Decimal Bytes (Attributes)
--------------------------------        ----        ----        ------- ----- ------------
SSEG                                00000000    00000100 =         256. bytes (REL,OVR)

      Value  Global                              Global Defined In Module
      -----  --------------------------------   ------------------------
ASxxxx Linker V03.00 + NoICE + sdld,  page 5.
Hexadecimal  [32-Bits]

Area                                    Addr        Size        Decimal Bytes (Attributes)
--------------------------------        ----        ----        ------- ----- ------------
DATA                                00000001    0000000F =          15. bytes (REL,CON)

      Value  Global                              Global Defined In Module
      -----  --------------------------------   ------------------------
     00000001  _gtemp                             se8r01_receive_pwm
     00000006  _myData_pip5                       se8r01_receive_pwm
     0000000B  _myData_pip4                       se8r01_receive_pwm
ASxxxx Linker V03.00 + NoICE + sdld,  page 6.
Hexadecimal  [32-Bits]

Area                                    Addr        Size        Decimal Bytes (Attributes)
--------------------------------        ----        ----        ------- ----- ------------
INITIALIZED                         00000010    0000005E =          94. bytes (REL,CON)

      Value  Global                              Global Defined In Module
      -----  --------------------------------   ------------------------
     00000010  _SE8R01_DR_2M                      se8r01_receive_pwm
     00000012  _SE8R01_DR_1M                      se8r01_receive_pwm
     00000014  _SE8R01_DR_500K                    se8r01_receive_pwm
     00000016  _pload_width_now                   se8r01_receive_pwm
     00000018  _newdata                           se8r01_receive_pwm
     0000001A  _signal_lv                         se8r01_receive_pwm
     0000001B  _pip                               se8r01_receive_pwm
     0000001D  _status                            se8r01_receive_pwm
     0000001E  _TX_ADDRESS                        se8r01_receive_pwm
     00000022  _ADDRESS2                          se8r01_receive_pwm
     00000023  _ADDRESS3                          se8r01_receive_pwm
     00000024  _ADDRESS4                          se8r01_receive_pwm
     00000025  _ADDRESS5                          se8r01_receive_pwm
     00000026  _ADDRESS1                          se8r01_receive_pwm
     0000002A  _ADDRESS0                          se8r01_receive_pwm
     0000002E  _rx_buf                            se8r01_receive_pwm
     0000004E  _tx_buf                            se8r01_receive_pwm

ASxxxx Linker V03.00 + NoICE + sdld,  page 7.
Hexadecimal  [32-Bits]

Area                                    Addr        Size        Decimal Bytes (Attributes)
--------------------------------        ----        ----        ------- ----- ------------
HOME                                00008000    00000083 =         131. bytes (REL,CON)

      Value  Global                              Global Defined In Module
      -----  --------------------------------   ------------------------
ASxxxx Linker V03.00 + NoICE + sdld,  page 8.
Hexadecimal  [32-Bits]

Area                                    Addr        Size        Decimal Bytes (Attributes)
--------------------------------        ----        ----        ------- ----- ------------
GSINIT                              00008083    0000001A =          26. bytes (REL,CON)

      Value  Global                              Global Defined In Module
      -----  --------------------------------   ------------------------
ASxxxx Linker V03.00 + NoICE + sdld,  page 9.
Hexadecimal  [32-Bits]

Area                                    Addr        Size        Decimal Bytes (Attributes)
--------------------------------        ----        ----        ------- ----- ------------
GSFINAL                             0000809D    00000003 =           3. bytes (REL,CON)

      Value  Global                              Global Defined In Module
      -----  --------------------------------   ------------------------
ASxxxx Linker V03.00 + NoICE + sdld,  page 10.
Hexadecimal  [32-Bits]

Area                                    Addr        Size        Decimal Bytes (Attributes)
--------------------------------        ----        ----        ------- ----- ------------
CODE                                000080A0    000009A1 =        2465. bytes (REL,CON)

      Value  Global                              Global Defined In Module
      -----  --------------------------------   ------------------------
     000080A0  _delayTenMicro                     se8r01_receive_pwm
     000080A8  _write_spi                         se8r01_receive_pwm
     000080CE  _write_spi_reg                     se8r01_receive_pwm
     0000810A  _read_spi_reg                      se8r01_receive_pwm
     00008148  _write_spi_buf                     se8r01_receive_pwm
     00008180  _read_spi_buf                      se8r01_receive_pwm
     000081BC  _InitializeSPI                     se8r01_receive_pwm
     000081E4  _InitializeSystemClock             se8r01_receive_pwm
     0000822E  _delay                             se8r01_receive_pwm
     00008279  _UARTPrintF                        se8r01_receive_pwm
     00008290  _print_UCHAR_hex                   se8r01_receive_pwm
     000082DC  _InitializeUART                    se8r01_receive_pwm
     00008355  _init_io                           se8r01_receive_pwm
     00008379  _rf_switch_bank                    se8r01_receive_pwm
     00008396  _SE8R01_Calibration                se8r01_receive_pwm
     00008562  _SE8R01_Analog_Init                se8r01_receive_pwm
     000086DE  _SE8R01_Init                       se8r01_receive_pwm
     000087C4  _Init_Tim2                         se8r01_receive_pwm
     000087FF  _main                              se8r01_receive_pwm
     000089CC  __mulint                           _mulint
     00008A22  _memset                            _memset
ASxxxx Linker V03.00 + NoICE + sdld,  page 11.
Hexadecimal  [32-Bits]

Area                                    Addr        Size        Decimal Bytes (Attributes)
--------------------------------        ----        ----        ------- ----- ------------
INITIALIZER                         00008A41    0000005E =          94. bytes (REL,CON)

      Value  Global                              Global Defined In Module
      -----  --------------------------------   ------------------------
ASxxxx Linker V03.00 + NoICE + sdld,  page 12.

Files Linked                              [ module(s) ]

se8r01-receive-pwm.rel                    [  ]


Libraries Linked                          [ object file ]

/usr/bin/../share/sdcc/lib/stm8/stm8.lib  [ _mulint.rel ]
/usr/bin/../share/sdcc/lib/stm8/stm8.lib  [ _memset.rel ]

ASxxxx Linker V03.00 + NoICE + sdld,  page 13.

User Base Address Definitions

HOME = 0x8000
DATA = 0x0001

